patching file rtl/friscv_io_subsystem.sv
patching file rtl/friscv_cache_block_fetcher.sv
patching file rtl/friscv_csr.sv
patching file rtl/friscv_mpu.sv
patching file rtl/friscv_div.sv
patching file rtl/friscv_cache_memctrl.sv
patching file rtl/friscv_cache_ooo_mgt.sv
patching file rtl/friscv_m_ext.sv
patching file dep/axi-crossbar/rtl/axicb_slv_if.sv
patching file dep/axi-crossbar/rtl/axicb_mst_if.sv
patching file rtl/friscv_cache_block_fetcher.sv
patching file rtl/friscv_icache.sv
patching file rtl/friscv_dcache.sv
patching file rtl/friscv_control.sv
patching file rtl/friscv_memfy.sv
patching file rtl/friscv_processing.sv
patching file rtl/friscv_dcache.sv
Hunk #1 succeeded at 512 (offset 3 lines).
patching file rtl/friscv_cache_pusher.sv
patching file rtl/friscv_cache_pusher.sv
patching file rtl/friscv_control.sv
UPSTREAM_OVERLAY_READY build/control_priority/prepared; 56 files; 7 patches
