%Warning-WIDTHTRUNC: third_party/friscv/rtl/friscv_rv32i_core.sv:98:42: Operator VAR 'IO_MAP' expects 2 bits on the Initial value, but Initial value's CONST '64'h1000ff00100000' generates 64 bits.
                                                                      : ... note: In instance 'core_fetch_fault_tb.dut'
   98 |         parameter [XLEN*2*IO_MAP_NB-1:0] IO_MAP = 64'h001000FF_00100000,
      |                                          ^~~~~~
                     ... For warning description see https://verilator.org/warn/WIDTHTRUNC?v=5.050
                     ... Use "/* verilator lint_off WIDTHTRUNC */" and lint_on around source to disable this message.
%Warning-WIDTHEXPAND: third_party/friscv/rtl/friscv_div.sv:111:29: Operator EQ expects 32 or 6 bits on the LHS, but LHS's VARREF 'step_cnt' generates 5 bits.
                                                                 : ... note: In instance 'core_fetch_fault_tb.dut.processing.M_EXTENSION_SUPPORT.m_ext.div32'
  111 |                 if (step_cnt==(WIDTH-1)) begin
      |                             ^~
                      ... For warning description see https://verilator.org/warn/WIDTHEXPAND?v=5.050
                      ... Use "/* verilator lint_off WIDTHEXPAND */" and lint_on around source to disable this message.
%Warning-WIDTHEXPAND: third_party/friscv/rtl/friscv_cache_memctrl.sv:349:22: Operator EQ expects 32 bits on the RHS, but RHS's VARREF 'wr_strb_pos' generates 2 bits.
                                                                           : ... note: In instance 'core_fetch_fault_tb.dut.USE_DCACHE.dcache.mem_ctrl'
  349 |                 if (i==wr_strb_pos) begin: WSTRB_ON
      |                      ^~
%Warning-WIDTHEXPAND: third_party/friscv/rtl/friscv_cache_ooo_mgt.sv:155:34: Operator OR expects 32 or 8 bits on the LHS, but LHS's VARREF 'req_tag_pt' generates 3 bits.
                                                                           : ... note: In instance 'core_fetch_fault_tb.dut.USE_DCACHE.dcache.wr_ooo_mgt'
  155 |     assign next_tag = req_tag_pt | AXI_ID_MASK;
      |                                  ^
%Warning-WIDTHTRUNC: third_party/friscv/rtl/friscv_cache_ooo_mgt.sv:213:32: Operator ASSIGNDLY expects 2 bits on the Assign RHS, but Assign RHS's REPLICATE generates 34 bits.
                                                                          : ... note: In instance 'core_fetch_fault_tb.dut.USE_DCACHE.dcache.wr_ooo_mgt'
  213 |                     cpl_ram[i] <= {2'b0, {XLEN{1'b0}}};
      |                                ^~
%Warning-WIDTHTRUNC: third_party/friscv/rtl/friscv_cache_ooo_mgt.sv:218:32: Operator ASSIGNDLY expects 2 bits on the Assign RHS, but Assign RHS's REPLICATE generates 34 bits.
                                                                          : ... note: In instance 'core_fetch_fault_tb.dut.USE_DCACHE.dcache.wr_ooo_mgt'
  218 |                     cpl_ram[i] <= {2'b0, {XLEN{1'b0}}};
      |                                ^~
%Warning-WIDTHTRUNC: third_party/friscv/rtl/friscv_cache_ooo_mgt.sv:224:36: Operator ASSIGNDLY expects 2 bits on the Assign RHS, but Assign RHS's REPLICATE generates 34 bits.
                                                                          : ... note: In instance 'core_fetch_fault_tb.dut.USE_DCACHE.dcache.wr_ooo_mgt'
  224 |                         cpl_ram[i] <= {cpl2_resp, cpl2_data};
      |                                    ^~
%Warning-WIDTHTRUNC: third_party/friscv/rtl/friscv_cache_ooo_mgt.sv:229:36: Operator ASSIGNDLY expects 2 bits on the Assign RHS, but Assign RHS's REPLICATE generates 34 bits.
                                                                          : ... note: In instance 'core_fetch_fault_tb.dut.USE_DCACHE.dcache.wr_ooo_mgt'
  229 |                         cpl_ram[i] <= {cpl1_resp, cpl1_data};
      |                                    ^~
%Warning-ASCRANGE: third_party/friscv/rtl/friscv_memfy.sv:166:18: Ascending bit range vector: left < right of bit range: [-1:0]
                                                                : ... note: In instance 'core_fetch_fault_tb.dut.processing.memfy'
  166 |     logic        [IO_MAP_NB   -1:0] io_map_hit;
      |                  ^
                   ... For warning description see https://verilator.org/warn/ASCRANGE?v=5.050
                   ... Use "/* verilator lint_off ASCRANGE */" and lint_on around source to disable this message.
%Warning-WIDTHEXPAND: third_party/friscv/rtl/friscv_m_ext.sv:132:37: Operator COND expects 64 bits on the Conditional True, but Conditional True's SEL generates 32 bits.
                                                                   : ... note: In instance 'core_fetch_fault_tb.dut.processing.M_EXTENSION_SUPPORT.m_ext'
  132 |     assign mul32 = (funct3==3'b000) ? mul[0 +:32] :
      |                                     ^
%Warning-WIDTHEXPAND: third_party/friscv/rtl/friscv_m_ext.sv:132:37: Operator COND expects 64 bits on the Conditional False, but Conditional False's SEL generates 32 bits.
                                                                   : ... note: In instance 'core_fetch_fault_tb.dut.processing.M_EXTENSION_SUPPORT.m_ext'
  132 |     assign mul32 = (funct3==3'b000) ? mul[0 +:32] :
      |                                     ^
%Warning-WIDTHTRUNC: third_party/friscv/rtl/friscv_m_ext.sv:138:17: Operator ASSIGNW expects 31 bits on the Assign RHS, but Assign RHS's REPLICATE generates 32 bits.
                                                                  : ... note: In instance 'core_fetch_fault_tb.dut.processing.M_EXTENSION_SUPPORT.m_ext'
  138 |     assign remu = {XLEN{1'b0}};
      |                 ^
%Warning-WIDTHEXPAND: third_party/friscv/rtl/friscv_m_ext.sv:151:22: Operator ASSIGNW expects 64 bits on the Assign RHS, but Assign RHS's REPLICATE generates 32 bits.
                                                                   : ... note: In instance 'core_fetch_fault_tb.dut.processing.M_EXTENSION_SUPPORT.m_ext'
  151 |         assign mul64 = {XLEN{1'b0}};
      |                      ^
%Warning-WIDTHEXPAND: third_party/friscv/rtl/friscv_m_ext.sv:247:83: Operator COND expects 64 bits on the Conditional True, but Conditional True's VARREF 'quot' generates 32 bits.
                                                                   : ... note: In instance 'core_fetch_fault_tb.dut.processing.M_EXTENSION_SUPPORT.m_ext'
  247 |                 m_rd_val <= (rd_wr_div && (funct3_r==3'b100 || funct3_r==3'b101)) ? quot :
      |                                                                                   ^
%Warning-WIDTHEXPAND: third_party/friscv/rtl/friscv_m_ext.sv:248:83: Operator COND expects 64 bits on the Conditional True, but Conditional True's VARREF 'rem' generates 32 bits.
                                                                   : ... note: In instance 'core_fetch_fault_tb.dut.processing.M_EXTENSION_SUPPORT.m_ext'
  248 |                             (rd_wr_div && (funct3_r==3'b110 || funct3_r==3'b111)) ? rem :
      |                                                                                   ^
%Warning-WIDTHTRUNC: third_party/friscv/rtl/friscv_m_ext.sv:247:26: Operator ASSIGNDLY expects 32 bits on the Assign RHS, but Assign RHS's COND generates 64 bits.
                                                                  : ... note: In instance 'core_fetch_fault_tb.dut.processing.M_EXTENSION_SUPPORT.m_ext'
  247 |                 m_rd_val <= (rd_wr_div && (funct3_r==3'b100 || funct3_r==3'b101)) ? quot :
      |                          ^~
make[1]: Entering directory '/home/terrylin/work/rv32-dma-apb-soc/build/core_fetch_fault/original-cache1'
g++ -Os  -I.  -MMD -I/usr/local/share/verilator/include -I/usr/local/share/verilator/include/vltstd -DVERILATOR=1 -DVM_COVERAGE=0 -DVM_SC=0 -DVM_TIMING=1 -DVM_TRACE=0 -DVM_TRACE_FST=0 -DVM_TRACE_VCD=0 -DVM_TRACE_SAIF=0 -DVM_VPI=0 -faligned-new -fcf-protection=none -Wno-bool-operation -Wno-int-in-bool-context -Wno-shadow -Wno-sign-compare -Wno-subobject-linkage -Wno-tautological-compare -Wno-uninitialized -Wno-unused-but-set-parameter -Wno-unused-but-set-variable -Wno-unused-parameter -Wno-unused-variable    -DVL_TIME_CONTEXT   -fcoroutines -c -o verilated.o /usr/local/share/verilator/include/verilated.cpp
g++ -Os  -I.  -MMD -I/usr/local/share/verilator/include -I/usr/local/share/verilator/include/vltstd -DVERILATOR=1 -DVM_COVERAGE=0 -DVM_SC=0 -DVM_TIMING=1 -DVM_TRACE=0 -DVM_TRACE_FST=0 -DVM_TRACE_VCD=0 -DVM_TRACE_SAIF=0 -DVM_VPI=0 -faligned-new -fcf-protection=none -Wno-bool-operation -Wno-int-in-bool-context -Wno-shadow -Wno-sign-compare -Wno-subobject-linkage -Wno-tautological-compare -Wno-uninitialized -Wno-unused-but-set-parameter -Wno-unused-but-set-variable -Wno-unused-parameter -Wno-unused-variable    -DVL_TIME_CONTEXT   -fcoroutines -c -o verilated_timing.o /usr/local/share/verilator/include/verilated_timing.cpp
g++ -Os  -I.  -MMD -I/usr/local/share/verilator/include -I/usr/local/share/verilator/include/vltstd -DVERILATOR=1 -DVM_COVERAGE=0 -DVM_SC=0 -DVM_TIMING=1 -DVM_TRACE=0 -DVM_TRACE_FST=0 -DVM_TRACE_VCD=0 -DVM_TRACE_SAIF=0 -DVM_VPI=0 -faligned-new -fcf-protection=none -Wno-bool-operation -Wno-int-in-bool-context -Wno-shadow -Wno-sign-compare -Wno-subobject-linkage -Wno-tautological-compare -Wno-uninitialized -Wno-unused-but-set-parameter -Wno-unused-but-set-variable -Wno-unused-parameter -Wno-unused-variable    -DVL_TIME_CONTEXT   -fcoroutines -c -o verilated_threads.o /usr/local/share/verilator/include/verilated_threads.cpp
g++ -Os  -I.  -MMD -I/usr/local/share/verilator/include -I/usr/local/share/verilator/include/vltstd -DVERILATOR=1 -DVM_COVERAGE=0 -DVM_SC=0 -DVM_TIMING=1 -DVM_TRACE=0 -DVM_TRACE_FST=0 -DVM_TRACE_VCD=0 -DVM_TRACE_SAIF=0 -DVM_VPI=0 -faligned-new -fcf-protection=none -Wno-bool-operation -Wno-int-in-bool-context -Wno-shadow -Wno-sign-compare -Wno-subobject-linkage -Wno-tautological-compare -Wno-uninitialized -Wno-unused-but-set-parameter -Wno-unused-but-set-variable -Wno-unused-parameter -Wno-unused-variable    -DVL_TIME_CONTEXT   -fcoroutines -x c++-header Vcore_fetch_fault_tb__pch.h -o Vcore_fetch_fault_tb__pch.h.fast.gch
g++   -I.  -MMD -I/usr/local/share/verilator/include -I/usr/local/share/verilator/include/vltstd -DVERILATOR=1 -DVM_COVERAGE=0 -DVM_SC=0 -DVM_TIMING=1 -DVM_TRACE=0 -DVM_TRACE_FST=0 -DVM_TRACE_VCD=0 -DVM_TRACE_SAIF=0 -DVM_VPI=0 -faligned-new -fcf-protection=none -Wno-bool-operation -Wno-int-in-bool-context -Wno-shadow -Wno-sign-compare -Wno-subobject-linkage -Wno-tautological-compare -Wno-uninitialized -Wno-unused-but-set-parameter -Wno-unused-but-set-variable -Wno-unused-parameter -Wno-unused-variable    -DVL_TIME_CONTEXT   -fcoroutines -x c++-header Vcore_fetch_fault_tb__pch.h -o Vcore_fetch_fault_tb__pch.h.slow.gch
g++ -Os  -I.  -MMD -I/usr/local/share/verilator/include -I/usr/local/share/verilator/include/vltstd -DVERILATOR=1 -DVM_COVERAGE=0 -DVM_SC=0 -DVM_TIMING=1 -DVM_TRACE=0 -DVM_TRACE_FST=0 -DVM_TRACE_VCD=0 -DVM_TRACE_SAIF=0 -DVM_VPI=0 -faligned-new -fcf-protection=none -Wno-bool-operation -Wno-int-in-bool-context -Wno-shadow -Wno-sign-compare -Wno-subobject-linkage -Wno-tautological-compare -Wno-uninitialized -Wno-unused-but-set-parameter -Wno-unused-but-set-variable -Wno-unused-parameter -Wno-unused-variable    -DVL_TIME_CONTEXT   -fcoroutines -include Vcore_fetch_fault_tb__pch.h.fast -c Vcore_fetch_fault_tb.cpp
g++ -Os  -I.  -MMD -I/usr/local/share/verilator/include -I/usr/local/share/verilator/include/vltstd -DVERILATOR=1 -DVM_COVERAGE=0 -DVM_SC=0 -DVM_TIMING=1 -DVM_TRACE=0 -DVM_TRACE_FST=0 -DVM_TRACE_VCD=0 -DVM_TRACE_SAIF=0 -DVM_VPI=0 -faligned-new -fcf-protection=none -Wno-bool-operation -Wno-int-in-bool-context -Wno-shadow -Wno-sign-compare -Wno-subobject-linkage -Wno-tautological-compare -Wno-uninitialized -Wno-unused-but-set-parameter -Wno-unused-but-set-variable -Wno-unused-parameter -Wno-unused-variable    -DVL_TIME_CONTEXT   -fcoroutines -include Vcore_fetch_fault_tb__pch.h.fast -c Vcore_fetch_fault_tb___024root__0.cpp
g++ -Os  -I.  -MMD -I/usr/local/share/verilator/include -I/usr/local/share/verilator/include/vltstd -DVERILATOR=1 -DVM_COVERAGE=0 -DVM_SC=0 -DVM_TIMING=1 -DVM_TRACE=0 -DVM_TRACE_FST=0 -DVM_TRACE_VCD=0 -DVM_TRACE_SAIF=0 -DVM_VPI=0 -faligned-new -fcf-protection=none -Wno-bool-operation -Wno-int-in-bool-context -Wno-shadow -Wno-sign-compare -Wno-subobject-linkage -Wno-tautological-compare -Wno-uninitialized -Wno-unused-but-set-parameter -Wno-unused-but-set-variable -Wno-unused-parameter -Wno-unused-variable    -DVL_TIME_CONTEXT   -fcoroutines -include Vcore_fetch_fault_tb__pch.h.fast -c Vcore_fetch_fault_tb___024root__1.cpp
g++ -Os  -I.  -MMD -I/usr/local/share/verilator/include -I/usr/local/share/verilator/include/vltstd -DVERILATOR=1 -DVM_COVERAGE=0 -DVM_SC=0 -DVM_TIMING=1 -DVM_TRACE=0 -DVM_TRACE_FST=0 -DVM_TRACE_VCD=0 -DVM_TRACE_SAIF=0 -DVM_VPI=0 -faligned-new -fcf-protection=none -Wno-bool-operation -Wno-int-in-bool-context -Wno-shadow -Wno-sign-compare -Wno-subobject-linkage -Wno-tautological-compare -Wno-uninitialized -Wno-unused-but-set-parameter -Wno-unused-but-set-variable -Wno-unused-parameter -Wno-unused-variable    -DVL_TIME_CONTEXT   -fcoroutines -include Vcore_fetch_fault_tb__pch.h.fast -c Vcore_fetch_fault_tb_std__03a__03asemaphore__Vclpkg__0.cpp
g++ -Os  -I.  -MMD -I/usr/local/share/verilator/include -I/usr/local/share/verilator/include/vltstd -DVERILATOR=1 -DVM_COVERAGE=0 -DVM_SC=0 -DVM_TIMING=1 -DVM_TRACE=0 -DVM_TRACE_FST=0 -DVM_TRACE_VCD=0 -DVM_TRACE_SAIF=0 -DVM_VPI=0 -faligned-new -fcf-protection=none -Wno-bool-operation -Wno-int-in-bool-context -Wno-shadow -Wno-sign-compare -Wno-subobject-linkage -Wno-tautological-compare -Wno-uninitialized -Wno-unused-but-set-parameter -Wno-unused-but-set-variable -Wno-unused-parameter -Wno-unused-variable    -DVL_TIME_CONTEXT   -fcoroutines -include Vcore_fetch_fault_tb__pch.h.fast -c Vcore_fetch_fault_tb_std__03a__03aprocess__Vclpkg__0.cpp
g++ -Os  -I.  -MMD -I/usr/local/share/verilator/include -I/usr/local/share/verilator/include/vltstd -DVERILATOR=1 -DVM_COVERAGE=0 -DVM_SC=0 -DVM_TIMING=1 -DVM_TRACE=0 -DVM_TRACE_FST=0 -DVM_TRACE_VCD=0 -DVM_TRACE_SAIF=0 -DVM_VPI=0 -faligned-new -fcf-protection=none -Wno-bool-operation -Wno-int-in-bool-context -Wno-shadow -Wno-sign-compare -Wno-subobject-linkage -Wno-tautological-compare -Wno-uninitialized -Wno-unused-but-set-parameter -Wno-unused-but-set-variable -Wno-unused-parameter -Wno-unused-variable    -DVL_TIME_CONTEXT   -fcoroutines -include Vcore_fetch_fault_tb__pch.h.fast -c Vcore_fetch_fault_tb__main.cpp
g++   -I.  -MMD -I/usr/local/share/verilator/include -I/usr/local/share/verilator/include/vltstd -DVERILATOR=1 -DVM_COVERAGE=0 -DVM_SC=0 -DVM_TIMING=1 -DVM_TRACE=0 -DVM_TRACE_FST=0 -DVM_TRACE_VCD=0 -DVM_TRACE_SAIF=0 -DVM_VPI=0 -faligned-new -fcf-protection=none -Wno-bool-operation -Wno-int-in-bool-context -Wno-shadow -Wno-sign-compare -Wno-subobject-linkage -Wno-tautological-compare -Wno-uninitialized -Wno-unused-but-set-parameter -Wno-unused-but-set-variable -Wno-unused-parameter -Wno-unused-variable    -DVL_TIME_CONTEXT   -fcoroutines -include Vcore_fetch_fault_tb__pch.h.slow -c Vcore_fetch_fault_tb__ConstPool__0__Slow.cpp
g++   -I.  -MMD -I/usr/local/share/verilator/include -I/usr/local/share/verilator/include/vltstd -DVERILATOR=1 -DVM_COVERAGE=0 -DVM_SC=0 -DVM_TIMING=1 -DVM_TRACE=0 -DVM_TRACE_FST=0 -DVM_TRACE_VCD=0 -DVM_TRACE_SAIF=0 -DVM_VPI=0 -faligned-new -fcf-protection=none -Wno-bool-operation -Wno-int-in-bool-context -Wno-shadow -Wno-sign-compare -Wno-subobject-linkage -Wno-tautological-compare -Wno-uninitialized -Wno-unused-but-set-parameter -Wno-unused-but-set-variable -Wno-unused-parameter -Wno-unused-variable    -DVL_TIME_CONTEXT   -fcoroutines -include Vcore_fetch_fault_tb__pch.h.slow -c Vcore_fetch_fault_tb___024root__Slow.cpp
g++   -I.  -MMD -I/usr/local/share/verilator/include -I/usr/local/share/verilator/include/vltstd -DVERILATOR=1 -DVM_COVERAGE=0 -DVM_SC=0 -DVM_TIMING=1 -DVM_TRACE=0 -DVM_TRACE_FST=0 -DVM_TRACE_VCD=0 -DVM_TRACE_SAIF=0 -DVM_VPI=0 -faligned-new -fcf-protection=none -Wno-bool-operation -Wno-int-in-bool-context -Wno-shadow -Wno-sign-compare -Wno-subobject-linkage -Wno-tautological-compare -Wno-uninitialized -Wno-unused-but-set-parameter -Wno-unused-but-set-variable -Wno-unused-parameter -Wno-unused-variable    -DVL_TIME_CONTEXT   -fcoroutines -include Vcore_fetch_fault_tb__pch.h.slow -c Vcore_fetch_fault_tb___024root__0__Slow.cpp
g++   -I.  -MMD -I/usr/local/share/verilator/include -I/usr/local/share/verilator/include/vltstd -DVERILATOR=1 -DVM_COVERAGE=0 -DVM_SC=0 -DVM_TIMING=1 -DVM_TRACE=0 -DVM_TRACE_FST=0 -DVM_TRACE_VCD=0 -DVM_TRACE_SAIF=0 -DVM_VPI=0 -faligned-new -fcf-protection=none -Wno-bool-operation -Wno-int-in-bool-context -Wno-shadow -Wno-sign-compare -Wno-subobject-linkage -Wno-tautological-compare -Wno-uninitialized -Wno-unused-but-set-parameter -Wno-unused-but-set-variable -Wno-unused-parameter -Wno-unused-variable    -DVL_TIME_CONTEXT   -fcoroutines -include Vcore_fetch_fault_tb__pch.h.slow -c Vcore_fetch_fault_tb___024unit__Slow.cpp
g++   -I.  -MMD -I/usr/local/share/verilator/include -I/usr/local/share/verilator/include/vltstd -DVERILATOR=1 -DVM_COVERAGE=0 -DVM_SC=0 -DVM_TIMING=1 -DVM_TRACE=0 -DVM_TRACE_FST=0 -DVM_TRACE_VCD=0 -DVM_TRACE_SAIF=0 -DVM_VPI=0 -faligned-new -fcf-protection=none -Wno-bool-operation -Wno-int-in-bool-context -Wno-shadow -Wno-sign-compare -Wno-subobject-linkage -Wno-tautological-compare -Wno-uninitialized -Wno-unused-but-set-parameter -Wno-unused-but-set-variable -Wno-unused-parameter -Wno-unused-variable    -DVL_TIME_CONTEXT   -fcoroutines -include Vcore_fetch_fault_tb__pch.h.slow -c Vcore_fetch_fault_tb_std__Slow.cpp
g++   -I.  -MMD -I/usr/local/share/verilator/include -I/usr/local/share/verilator/include/vltstd -DVERILATOR=1 -DVM_COVERAGE=0 -DVM_SC=0 -DVM_TIMING=1 -DVM_TRACE=0 -DVM_TRACE_FST=0 -DVM_TRACE_VCD=0 -DVM_TRACE_SAIF=0 -DVM_VPI=0 -faligned-new -fcf-protection=none -Wno-bool-operation -Wno-int-in-bool-context -Wno-shadow -Wno-sign-compare -Wno-subobject-linkage -Wno-tautological-compare -Wno-uninitialized -Wno-unused-but-set-parameter -Wno-unused-but-set-variable -Wno-unused-parameter -Wno-unused-variable    -DVL_TIME_CONTEXT   -fcoroutines -include Vcore_fetch_fault_tb__pch.h.slow -c Vcore_fetch_fault_tb_std__03a__03asemaphore__Vclpkg__Slow.cpp
g++   -I.  -MMD -I/usr/local/share/verilator/include -I/usr/local/share/verilator/include/vltstd -DVERILATOR=1 -DVM_COVERAGE=0 -DVM_SC=0 -DVM_TIMING=1 -DVM_TRACE=0 -DVM_TRACE_FST=0 -DVM_TRACE_VCD=0 -DVM_TRACE_SAIF=0 -DVM_VPI=0 -faligned-new -fcf-protection=none -Wno-bool-operation -Wno-int-in-bool-context -Wno-shadow -Wno-sign-compare -Wno-subobject-linkage -Wno-tautological-compare -Wno-uninitialized -Wno-unused-but-set-parameter -Wno-unused-but-set-variable -Wno-unused-parameter -Wno-unused-variable    -DVL_TIME_CONTEXT   -fcoroutines -include Vcore_fetch_fault_tb__pch.h.slow -c Vcore_fetch_fault_tb_std__03a__03aprocess__Vclpkg__Slow.cpp
g++   -I.  -MMD -I/usr/local/share/verilator/include -I/usr/local/share/verilator/include/vltstd -DVERILATOR=1 -DVM_COVERAGE=0 -DVM_SC=0 -DVM_TIMING=1 -DVM_TRACE=0 -DVM_TRACE_FST=0 -DVM_TRACE_VCD=0 -DVM_TRACE_SAIF=0 -DVM_VPI=0 -faligned-new -fcf-protection=none -Wno-bool-operation -Wno-int-in-bool-context -Wno-shadow -Wno-sign-compare -Wno-subobject-linkage -Wno-tautological-compare -Wno-uninitialized -Wno-unused-but-set-parameter -Wno-unused-but-set-variable -Wno-unused-parameter -Wno-unused-variable    -DVL_TIME_CONTEXT   -fcoroutines -include Vcore_fetch_fault_tb__pch.h.slow -c Vcore_fetch_fault_tb__Syms__Slow.cpp
g++    verilated.o verilated_timing.o verilated_threads.o Vcore_fetch_fault_tb__ALL.a    -pthread -lpthread -latomic   -o Vcore_fetch_fault_tb
rm Vcore_fetch_fault_tb__ALL.verilator_deplist.tmp
make[1]: Leaving directory '/home/terrylin/work/rv32-dma-apb-soc/build/core_fetch_fault/original-cache1'
- V e r i l a t i o n   R e p o r t: Verilator 5.050 2026-07-01 rev v5.050
- Verilator: Built from 9.755 MB sources in 44 modules, into 1.578 MB in 14 C++ files needing 0.002 MB
- Verilator: Walltime 4.491 s (elab=0.059, cvt=0.236, bld=4.119); cpu 0.386 s on 4 threads; allocated 379.219 MB
