SOC_RAM_INIT build/p2_soc_fw/p2_dma_demo.mem
SOC_RAM_STALL_SEED 7
SOC_RAM_READ addr=00010000 id=80
SOC_RAM_READ addr=00010010 id=80
SOC_RAM_READ addr=00010020 id=80
SOC_RAM_READ addr=00010030 id=81
SOC_RAM_READ addr=00010070 id=82
SOC_RAM_READ addr=00010080 id=82
SOC_RAM_WRITE addr=0007fffc strb=f000 id=10
SOC_RAM_READ addr=00010090 id=82
SOC_RAM_READ addr=000100a0 id=82
SOC_RAM_READ addr=000100b0 id=82
SOC_RAM_READ addr=000100c0 id=82
SOC_RAM_WRITE addr=000c1f00 strb=000f id=14
SOC_RAM_READ addr=000100d0 id=82
SOC_RAM_READ addr=000100e0 id=82
SOC_RAM_READ addr=000100f0 id=83
SOC_RAM_READ addr=00010100 id=83
SOC_RAM_READ addr=00010110 id=83
SOC_RAM_READ addr=00010120 id=83
SOC_RAM_READ addr=00010130 id=83
SOC_RAM_READ addr=00010140 id=83
SOC_RAM_WRITE addr=000c0000 strb=000f id=10
SOC_RAM_READ addr=00010150 id=83
SOC_RAM_WRITE addr=000c1000 strb=000f id=11
SOC_RAM_READ addr=00010160 id=83
SOC_RAM_WRITE addr=000c0004 strb=00f0 id=12
SOC_RAM_WRITE addr=000c1004 strb=00f0 id=13
SOC_RAM_WRITE addr=000c0008 strb=0f00 id=14
SOC_RAM_WRITE addr=000c1008 strb=0f00 id=15
SOC_RAM_WRITE addr=000c000c strb=f000 id=16
SOC_RAM_WRITE addr=000c100c strb=f000 id=17
SOC_RAM_WRITE addr=000c0010 strb=000f id=10
SOC_RAM_WRITE addr=000c1010 strb=000f id=11
SOC_RAM_WRITE addr=000c0014 strb=00f0 id=12
SOC_RAM_WRITE addr=000c1014 strb=00f0 id=13
SOC_RAM_WRITE addr=000c0018 strb=0f00 id=14
SOC_RAM_WRITE addr=000c1018 strb=0f00 id=15
SOC_RAM_WRITE addr=000c001c strb=f000 id=16
SOC_RAM_WRITE addr=000c101c strb=f000 id=17
SOC_RAM_WRITE addr=000c0020 strb=000f id=10
SOC_RAM_WRITE addr=000c1020 strb=000f id=11
SOC_RAM_WRITE addr=000c0024 strb=00f0 id=12
SOC_RAM_WRITE addr=000c1024 strb=00f0 id=13
SOC_RAM_WRITE addr=000c0028 strb=0f00 id=14
SOC_RAM_WRITE addr=000c1028 strb=0f00 id=15
SOC_RAM_WRITE addr=000c002c strb=f000 id=16
SOC_RAM_WRITE addr=000c102c strb=f000 id=17
SOC_RAM_WRITE addr=000c0030 strb=000f id=10
SOC_RAM_WRITE addr=000c1030 strb=000f id=11
SOC_RAM_WRITE addr=000c0034 strb=00f0 id=12
SOC_RAM_WRITE addr=000c1034 strb=00f0 id=13
SOC_RAM_WRITE addr=000c0038 strb=0f00 id=14
SOC_RAM_WRITE addr=000c1038 strb=0f00 id=15
SOC_RAM_WRITE addr=000c003c strb=f000 id=16
SOC_RAM_WRITE addr=000c103c strb=f000 id=17
SOC_RAM_WRITE addr=000c0040 strb=000f id=10
SOC_RAM_WRITE addr=000c1040 strb=000f id=11
SOC_RAM_WRITE addr=000c0044 strb=00f0 id=12
SOC_RAM_WRITE addr=000c1044 strb=00f0 id=13
SOC_RAM_WRITE addr=000c0048 strb=0f00 id=14
SOC_RAM_WRITE addr=000c1048 strb=0f00 id=15
SOC_RAM_WRITE addr=000c004c strb=f000 id=16
SOC_RAM_WRITE addr=000c104c strb=f000 id=17
SOC_RAM_WRITE addr=000c0050 strb=000f id=10
SOC_RAM_WRITE addr=000c1050 strb=000f id=11
SOC_RAM_WRITE addr=000c0054 strb=00f0 id=12
SOC_RAM_WRITE addr=000c1054 strb=00f0 id=13
SOC_RAM_WRITE addr=000c0058 strb=0f00 id=14
SOC_RAM_WRITE addr=000c1058 strb=0f00 id=15
SOC_RAM_WRITE addr=000c005c strb=f000 id=16
SOC_RAM_WRITE addr=000c105c strb=f000 id=17
SOC_RAM_WRITE addr=000c0060 strb=000f id=10
SOC_RAM_WRITE addr=000c1060 strb=000f id=11
SOC_RAM_WRITE addr=000c0064 strb=00f0 id=12
SOC_RAM_WRITE addr=000c1064 strb=00f0 id=13
SOC_RAM_WRITE addr=000c0068 strb=0f00 id=14
SOC_RAM_WRITE addr=000c1068 strb=0f00 id=15
SOC_RAM_WRITE addr=000c006c strb=f000 id=16
SOC_RAM_WRITE addr=000c106c strb=f000 id=17
SOC_RAM_WRITE addr=000c0070 strb=000f id=10
SOC_RAM_WRITE addr=000c1070 strb=000f id=11
SOC_RAM_WRITE addr=000c0074 strb=00f0 id=12
SOC_RAM_WRITE addr=000c1074 strb=00f0 id=13
SOC_RAM_WRITE addr=000c0078 strb=0f00 id=14
SOC_RAM_WRITE addr=000c1078 strb=0f00 id=15
SOC_RAM_WRITE addr=000c007c strb=f000 id=16
SOC_RAM_WRITE addr=000c107c strb=f000 id=17
SOC_RAM_WRITE addr=000c0080 strb=000f id=10
SOC_RAM_WRITE addr=000c1080 strb=000f id=11
SOC_RAM_WRITE addr=000c0084 strb=00f0 id=12
SOC_RAM_WRITE addr=000c1084 strb=00f0 id=13
SOC_RAM_WRITE addr=000c0088 strb=0f00 id=14
SOC_RAM_WRITE addr=000c1088 strb=0f00 id=15
SOC_RAM_WRITE addr=000c008c strb=f000 id=16
SOC_RAM_WRITE addr=000c108c strb=f000 id=17
SOC_RAM_WRITE addr=000c0090 strb=000f id=10
SOC_RAM_WRITE addr=000c1090 strb=000f id=11
SOC_RAM_WRITE addr=000c0094 strb=00f0 id=12
SOC_RAM_WRITE addr=000c1094 strb=00f0 id=13
SOC_RAM_WRITE addr=000c0098 strb=0f00 id=14
SOC_RAM_WRITE addr=000c1098 strb=0f00 id=15
SOC_RAM_WRITE addr=000c009c strb=f000 id=16
SOC_RAM_WRITE addr=000c109c strb=f000 id=17
SOC_RAM_WRITE addr=000c00a0 strb=000f id=10
SOC_RAM_WRITE addr=000c10a0 strb=000f id=11
SOC_RAM_WRITE addr=000c00a4 strb=00f0 id=12
SOC_RAM_WRITE addr=000c10a4 strb=00f0 id=13
SOC_RAM_WRITE addr=000c00a8 strb=0f00 id=14
SOC_RAM_WRITE addr=000c10a8 strb=0f00 id=15
SOC_RAM_WRITE addr=000c00ac strb=f000 id=16
SOC_RAM_WRITE addr=000c10ac strb=f000 id=17
SOC_RAM_WRITE addr=000c00b0 strb=000f id=10
SOC_RAM_WRITE addr=000c10b0 strb=000f id=11
SOC_RAM_WRITE addr=000c00b4 strb=00f0 id=12
SOC_RAM_WRITE addr=000c10b4 strb=00f0 id=13
SOC_RAM_WRITE addr=000c00b8 strb=0f00 id=14
SOC_RAM_WRITE addr=000c10b8 strb=0f00 id=15
SOC_RAM_WRITE addr=000c00bc strb=f000 id=16
SOC_RAM_WRITE addr=000c10bc strb=f000 id=17
SOC_RAM_WRITE addr=000c00c0 strb=000f id=10
SOC_RAM_WRITE addr=000c10c0 strb=000f id=11
SOC_RAM_WRITE addr=000c00c4 strb=00f0 id=12
SOC_RAM_WRITE addr=000c10c4 strb=00f0 id=13
SOC_RAM_WRITE addr=000c00c8 strb=0f00 id=14
SOC_RAM_WRITE addr=000c10c8 strb=0f00 id=15
SOC_RAM_WRITE addr=000c00cc strb=f000 id=16
SOC_RAM_WRITE addr=000c10cc strb=f000 id=17
SOC_RAM_WRITE addr=000c00d0 strb=000f id=10
SOC_RAM_WRITE addr=000c10d0 strb=000f id=11
SOC_RAM_WRITE addr=000c00d4 strb=00f0 id=12
SOC_RAM_WRITE addr=000c10d4 strb=00f0 id=13
SOC_RAM_WRITE addr=000c00d8 strb=0f00 id=14
SOC_RAM_WRITE addr=000c10d8 strb=0f00 id=15
SOC_RAM_WRITE addr=000c00dc strb=f000 id=16
SOC_RAM_WRITE addr=000c10dc strb=f000 id=17
SOC_RAM_WRITE addr=000c00e0 strb=000f id=10
SOC_RAM_WRITE addr=000c10e0 strb=000f id=11
SOC_RAM_WRITE addr=000c00e4 strb=00f0 id=12
SOC_RAM_WRITE addr=000c10e4 strb=00f0 id=13
SOC_RAM_WRITE addr=000c00e8 strb=0f00 id=14
SOC_RAM_WRITE addr=000c10e8 strb=0f00 id=15
SOC_RAM_WRITE addr=000c00ec strb=f000 id=16
SOC_RAM_WRITE addr=000c10ec strb=f000 id=17
SOC_RAM_WRITE addr=000c00f0 strb=000f id=10
SOC_RAM_WRITE addr=000c10f0 strb=000f id=11
SOC_RAM_WRITE addr=000c00f4 strb=00f0 id=12
SOC_RAM_WRITE addr=000c10f4 strb=00f0 id=13
SOC_RAM_WRITE addr=000c00f8 strb=0f00 id=14
SOC_RAM_WRITE addr=000c10f8 strb=0f00 id=15
SOC_RAM_WRITE addr=000c00fc strb=f000 id=16
SOC_RAM_WRITE addr=000c10fc strb=f000 id=17
SOC_RAM_READ addr=00010170 id=82
SOC_RAM_WRITE addr=000c0100 strb=000f id=10
SOC_RAM_READ addr=00010180 id=82
SOC_RAM_WRITE addr=000c0ffc strb=f000 id=11
SOC_RAM_READ addr=00010190 id=82
SOC_RAM_WRITE addr=000c1100 strb=000f id=12
SOC_RAM_READ addr=000101a0 id=82
SOC_RAM_READ addr=000101b0 id=82
SOC_RAM_WRITE addr=000c1ffc strb=f000 id=13
SOC_RAM_READ addr=000101c0 id=82
SOC_RAM_READ addr=000101d0 id=82
SOC_RAM_READ addr=000101e0 id=82
SOC_RAM_READ addr=000101f0 id=82
SOC_RAM_WRITE addr=000c1f20 strb=000f id=10
SOC_RAM_READ addr=00010200 id=82
SOC_RAM_READ addr=000c0000 id=20
SOC_RAM_READ addr=00010210 id=83
SOC_RAM_WRITE addr=000c1000 strb=ffff id=20
SOC_RAM_READ addr=000c1f20 id=14
SOC_RAM_READ addr=000c0010 id=20
SOC_RAM_READ addr=00010220 id=83
SOC_RAM_WRITE addr=000c1010 strb=ffff id=20
SOC_RAM_READ addr=000c0020 id=20
SOC_RAM_WRITE addr=000c1020 strb=ffff id=20
SOC_RAM_READ addr=000c1f20 id=16
SOC_RAM_READ addr=000c0030 id=20
SOC_RAM_WRITE addr=000c1030 strb=ffff id=20
SOC_RAM_READ addr=000c0040 id=20
SOC_RAM_WRITE addr=000c1040 strb=ffff id=20
SOC_RAM_READ addr=000c1f20 id=10
SOC_RAM_READ addr=000c0050 id=20
SOC_RAM_WRITE addr=000c1050 strb=ffff id=20
SOC_RAM_READ addr=000c0060 id=20
SOC_RAM_WRITE addr=000c1060 strb=ffff id=20
SOC_RAM_READ addr=000c1f20 id=12
SOC_RAM_READ addr=000c0070 id=20
SOC_RAM_WRITE addr=000c1070 strb=ffff id=20
SOC_RAM_READ addr=000c0080 id=20
SOC_RAM_READ addr=000c1f20 id=14
SOC_RAM_WRITE addr=000c1080 strb=ffff id=20
SOC_RAM_READ addr=000c0090 id=20
SOC_RAM_WRITE addr=000c1090 strb=ffff id=20
SOC_RAM_READ addr=000c1f20 id=16
SOC_RAM_READ addr=000c00a0 id=20
SOC_RAM_WRITE addr=000c10a0 strb=ffff id=20
SOC_RAM_READ addr=000c00b0 id=20
SOC_RAM_READ addr=000c1f20 id=10
SOC_RAM_WRITE addr=000c10b0 strb=ffff id=20
SOC_RAM_READ addr=000c00c0 id=20
SOC_RAM_WRITE addr=000c10c0 strb=ffff id=20
SOC_RAM_READ addr=000c1f20 id=12
SOC_RAM_READ addr=000c00d0 id=20
SOC_RAM_WRITE addr=000c10d0 strb=ffff id=20
SOC_RAM_READ addr=000c00e0 id=20
SOC_RAM_READ addr=000c1f20 id=14
SOC_RAM_WRITE addr=000c10e0 strb=ffff id=20
SOC_RAM_READ addr=000c00f0 id=20
SOC_RAM_WRITE addr=000c10f0 strb=ffff id=20
SOC_RAM_READ addr=000c1f20 id=16
SOC_RAM_READ addr=00010250 id=86
SOC_RAM_READ addr=00010260 id=86
SOC_RAM_READ addr=00010270 id=86
SOC_RAM_READ addr=00010280 id=86
SOC_RAM_READ addr=00010290 id=87
SOC_RAM_READ addr=000102a0 id=87
SOC_RAM_READ addr=000c0000 id=10
SOC_RAM_READ addr=000102b0 id=87
SOC_RAM_READ addr=000c1000 id=11
SOC_RAM_READ addr=000c0004 id=12
SOC_RAM_READ addr=000c1004 id=13
SOC_RAM_READ addr=000c0008 id=14
SOC_RAM_READ addr=000c1008 id=15
SOC_RAM_READ addr=000c000c id=16
SOC_RAM_READ addr=000c100c id=17
SOC_RAM_READ addr=000c0010 id=10
SOC_RAM_READ addr=000c1010 id=11
SOC_RAM_READ addr=000c0014 id=12
SOC_RAM_READ addr=000c1014 id=13
SOC_RAM_READ addr=000c0018 id=14
SOC_RAM_READ addr=000c1018 id=15
SOC_RAM_READ addr=000c001c id=16
SOC_RAM_READ addr=000c101c id=17
SOC_RAM_READ addr=000c0020 id=10
SOC_RAM_READ addr=000c1020 id=11
SOC_RAM_READ addr=000c0024 id=12
SOC_RAM_READ addr=000c1024 id=13
SOC_RAM_READ addr=000c0028 id=14
SOC_RAM_READ addr=000c1028 id=15
SOC_RAM_READ addr=000c002c id=16
SOC_RAM_READ addr=000c102c id=17
SOC_RAM_READ addr=000c0030 id=10
SOC_RAM_READ addr=000c1030 id=11
SOC_RAM_READ addr=000c0034 id=12
SOC_RAM_READ addr=000c1034 id=13
SOC_RAM_READ addr=000c0038 id=14
SOC_RAM_READ addr=000c1038 id=15
SOC_RAM_READ addr=000c003c id=16
SOC_RAM_READ addr=000c103c id=17
SOC_RAM_READ addr=000c0040 id=10
SOC_RAM_READ addr=000c1040 id=11
SOC_RAM_READ addr=000c0044 id=12
SOC_RAM_READ addr=000c1044 id=13
SOC_RAM_READ addr=000c0048 id=14
SOC_RAM_READ addr=000c1048 id=15
SOC_RAM_READ addr=000c004c id=16
SOC_RAM_READ addr=000c104c id=17
SOC_RAM_READ addr=000c0050 id=10
SOC_RAM_READ addr=000c1050 id=11
SOC_RAM_READ addr=000c0054 id=12
SOC_RAM_READ addr=000c1054 id=13
SOC_RAM_READ addr=000c0058 id=14
SOC_RAM_READ addr=000c1058 id=15
SOC_RAM_READ addr=000c005c id=16
SOC_RAM_READ addr=000c105c id=17
SOC_RAM_READ addr=000c0060 id=10
SOC_RAM_READ addr=000c1060 id=11
SOC_RAM_READ addr=000c0064 id=12
SOC_RAM_READ addr=000c1064 id=13
SOC_RAM_READ addr=000c0068 id=14
SOC_RAM_READ addr=000c1068 id=15
SOC_RAM_READ addr=000c006c id=16
SOC_RAM_READ addr=000c106c id=17
SOC_RAM_READ addr=000c0070 id=10
SOC_RAM_READ addr=000c1070 id=11
SOC_RAM_READ addr=000c0074 id=12
SOC_RAM_READ addr=000c1074 id=13
SOC_RAM_READ addr=000c0078 id=14
SOC_RAM_READ addr=000c1078 id=15
SOC_RAM_READ addr=000c007c id=16
SOC_RAM_READ addr=000c107c id=17
SOC_RAM_READ addr=000c0080 id=10
SOC_RAM_READ addr=000c1080 id=11
SOC_RAM_READ addr=000c0084 id=12
SOC_RAM_READ addr=000c1084 id=13
SOC_RAM_READ addr=000c0088 id=14
SOC_RAM_READ addr=000c1088 id=15
SOC_RAM_READ addr=000c008c id=16
SOC_RAM_READ addr=000c108c id=17
SOC_RAM_READ addr=000c0090 id=10
SOC_RAM_READ addr=000c1090 id=11
SOC_RAM_READ addr=000c0094 id=12
SOC_RAM_READ addr=000c1094 id=13
SOC_RAM_READ addr=000c0098 id=14
SOC_RAM_READ addr=000c1098 id=15
SOC_RAM_READ addr=000c009c id=16
SOC_RAM_READ addr=000c109c id=17
SOC_RAM_READ addr=000c00a0 id=10
SOC_RAM_READ addr=000c10a0 id=11
SOC_RAM_READ addr=000c00a4 id=12
SOC_RAM_READ addr=000c10a4 id=13
SOC_RAM_READ addr=000c00a8 id=14
SOC_RAM_READ addr=000c10a8 id=15
SOC_RAM_READ addr=000c00ac id=16
SOC_RAM_READ addr=000c10ac id=17
SOC_RAM_READ addr=000c00b0 id=10
SOC_RAM_READ addr=000c10b0 id=11
SOC_RAM_READ addr=000c00b4 id=12
SOC_RAM_READ addr=000c10b4 id=13
SOC_RAM_READ addr=000c00b8 id=14
SOC_RAM_READ addr=000c10b8 id=15
SOC_RAM_READ addr=000c00bc id=16
SOC_RAM_READ addr=000c10bc id=17
SOC_RAM_READ addr=000c00c0 id=10
SOC_RAM_READ addr=000c10c0 id=11
SOC_RAM_READ addr=000c00c4 id=12
SOC_RAM_READ addr=000c10c4 id=13
SOC_RAM_READ addr=000c00c8 id=14
SOC_RAM_READ addr=000c10c8 id=15
SOC_RAM_READ addr=000c00cc id=16
SOC_RAM_READ addr=000c10cc id=17
SOC_RAM_READ addr=000c00d0 id=10
SOC_RAM_READ addr=000c10d0 id=11
SOC_RAM_READ addr=000c00d4 id=12
SOC_RAM_READ addr=000c10d4 id=13
SOC_RAM_READ addr=000c00d8 id=14
SOC_RAM_READ addr=000c10d8 id=15
SOC_RAM_READ addr=000c00dc id=16
SOC_RAM_READ addr=000c10dc id=17
SOC_RAM_READ addr=000c00e0 id=10
SOC_RAM_READ addr=000c10e0 id=11
SOC_RAM_READ addr=000c00e4 id=12
SOC_RAM_READ addr=000c10e4 id=13
SOC_RAM_READ addr=000c00e8 id=14
SOC_RAM_READ addr=000c10e8 id=15
SOC_RAM_READ addr=000c00ec id=16
SOC_RAM_READ addr=000c10ec id=17
SOC_RAM_READ addr=000c00f0 id=10
SOC_RAM_READ addr=000c10f0 id=11
SOC_RAM_READ addr=000c00f4 id=12
SOC_RAM_READ addr=000c10f4 id=13
SOC_RAM_READ addr=000c00f8 id=14
SOC_RAM_READ addr=000c10f8 id=15
SOC_RAM_READ addr=000c00fc id=16
SOC_RAM_READ addr=000c10fc id=17
SOC_RAM_READ addr=000102d0 id=80
SOC_RAM_READ addr=000102e0 id=80
SOC_RAM_READ addr=000c0100 id=10
SOC_RAM_READ addr=000102f0 id=80
SOC_RAM_READ addr=000c0ffc id=11
SOC_RAM_READ addr=00010300 id=80
SOC_RAM_READ addr=00010310 id=81
SOC_RAM_READ addr=000c1100 id=12
SOC_RAM_READ addr=00010320 id=81
SOC_RAM_READ addr=000c1ffc id=13
SOC_RAM_READ addr=00010330 id=81
SOC_RAM_READ addr=00010340 id=81
SOC_RAM_READ addr=00010350 id=82
SOC_RAM_READ addr=00010370 id=14
SOC_RAM_READ addr=00010360 id=82
SOC_UART_CHAR P
SOC_RAM_READ addr=00010380 id=10
SOC_UART_CHAR 2
SOC_UART_CHAR _
SOC_UART_CHAR D
SOC_UART_CHAR M
SOC_UART_CHAR A
SOC_UART_CHAR _
SOC_UART_CHAR P
SOC_RAM_READ addr=00010370 id=86
SOC_RAM_WRITE addr=000c1f00 strb=000f id=16
SOC_RAM_READ addr=00010380 id=86
SOC_UART_CHAR A
SOC_UART_CHAR S
SOC_UART_CHAR S
SOC_UART_CHAR 

SOC_SYSTEM_PASS cycles=8374 DMA R/W=16/16 RAM R/W=211/152 timer R/W=4/3 CPU source writes=64 post-DMA dest reads=64 CPU RAM reads during DMA=9 UART=P2_DMA_PASS

SOC_FOREGROUND_PASS uncached CPU reads during DMA=9
- tb/soc_system_test.sv:231: Verilog $finish
PROTOCOL_COUNTS target3 AR/R=4/4 AW/B=3/3 stalls AW/W/AR/B/R=0/0/0/0/0
PROTOCOL_COUNTS source3 AR/R=0/0 AW/B=0/0 stalls AW/W/AR/B/R=0/0/0/0/0
PROTOCOL_COUNTS target2 AR/R=10/10 AW/B=5/5 stalls AW/W/AR/B/R=0/0/0/0/0
PROTOCOL_COUNTS source2 AR/R=16/16 AW/B=16/16 stalls AW/W/AR/B/R=0/0/0/0/0
PROTOCOL_COUNTS target1 AR/R=0/0 AW/B=15/15 stalls AW/W/AR/B/R=15/0/0/0/0
PROTOCOL_COUNTS source1 AR/R=158/158 AW/B=159/159 stalls AW/W/AR/B/R=0/0/0/0/0
PROTOCOL_COUNTS target0 AR/R=211/211 AW/B=152/152 stalls AW/W/AR/B/R=139/139/269/0/0
PROTOCOL_COUNTS source0 AR/R=51/51 AW/B=0/0 stalls AW/W/AR/B/R=0/0/0/0/0
- S i m u l a t i o n   R e p o r t: Verilator 5.050 2026-07-01
- Verilator: $finish at 84us; walltime 0.106 s; speed 792.159 us/s
- Verilator: cpu 0.106 s on 1 threads; allocated 9 MB
